Script started on Thu 25 Oct 2018 03:50:47 PM EDT
[?1034hbash-4.2$ pwd
/gaul/s1/student/2018/bassalyn/Courses/CS2211a/Asns/asn3
bash-4.2$ date
Thu Oct 25 15:50:56 EDT 2018
bash-4.2$ who am i
bassalyn pts/1        2018-10-25 15:50
bash-4.2$ ./e
Please enter:
5
Result = 5.000000
Would you like to continue (Y/N)?
Y
Please enter:
3 * 4
Result = 12.000000
Would you like to continue (Y/N)?
Y
Please enter:
4+ 3
Result = 7.000000
Would you like to continue (Y/N)?
Y
Please enter:
2/7  .6 / 2 - 1.5 * 10 - 100
Result = -113.699997
Would you like to continue (Y/N)?
Y
Please enter:
3.5 - -1/5  .5 * 10 / 3.0 + 2 * 3
Result = 14.500000
Would you like to continue (Y/N)?
Y
Please enter:
3.5 - 1.5 % 10 - 2.0
Warning invalid character! Please try again :
bash-4.2$ ./e 
Please enter:
43 * 10 =54   - 4
Result = 426.000000
Would you like to continue (Y/N)?
N
bash-4.2$ exit
exit

Script done on Thu 25 Oct 2018 03:52:55 PM EDT
